......................                                                   [100%]
22 passed in 9.13s
